function: hello
positional parameters: none
keyword parameters: none
return: Hello, World!
function: add
positional parameters: (3, 5)
keyword parameters: none
return: 8
function: variable_args
positional parameters: (1, 2, 3, 4, 5)
keyword parameters: none
return: True
function: keyword_args
positional parameters: none
keyword parameters: {'name': 'Alice', 'age': 30}
return: <function logger_decorator at 0x0000018F99EEAAC0>
function: hello
positional parameters: none
keyword parameters: none
return: Hello, World!
function: add
positional parameters: (3, 5)
keyword parameters: none
return: 8
function: variable_args
positional parameters: (1, 2, 3, 4, 5)
keyword parameters: none
return: True
function: keyword_args
positional parameters: none
keyword parameters: {'name': 'Alice', 'age': 30}
return: {'name': 'Alice', 'age': 30}
